###############################################################################
#
# IAR ELF Linker V8.32.3.193/W32 for ARM                  08/Mar/2021  13:23:08
# Copyright 2007-2019 IAR Systems AB.
#
#    Output file  =  
#        C:\Users\Administrator\Desktop\USART_1\USER\Debug\Exe\template_project.out
#    Map file     =  
#        C:\Users\Administrator\Desktop\USART_1\USER\Debug\List\template_project.map
#    Command line =  
#        -f c:\windows\temp\EW7016.tmp
#        (C:\Users\Administrator\Desktop\USART_1\USER\Debug\Obj\delay.o
#        C:\Users\Administrator\Desktop\USART_1\USER\Debug\Obj\key.o
#        C:\Users\Administrator\Desktop\USART_1\USER\Debug\Obj\led.o
#        C:\Users\Administrator\Desktop\USART_1\USER\Debug\Obj\main.o
#        C:\Users\Administrator\Desktop\USART_1\USER\Debug\Obj\misc.o
#        C:\Users\Administrator\Desktop\USART_1\USER\Debug\Obj\startup_stm32f40_41xxx.o
#        C:\Users\Administrator\Desktop\USART_1\USER\Debug\Obj\stm32f4xx_gpio.o
#        C:\Users\Administrator\Desktop\USART_1\USER\Debug\Obj\stm32f4xx_it.o
#        C:\Users\Administrator\Desktop\USART_1\USER\Debug\Obj\stm32f4xx_rcc.o
#        C:\Users\Administrator\Desktop\USART_1\USER\Debug\Obj\stm32f4xx_syscfg.o
#        C:\Users\Administrator\Desktop\USART_1\USER\Debug\Obj\stm32f4xx_usart.o
#        C:\Users\Administrator\Desktop\USART_1\USER\Debug\Obj\sys.o
#        C:\Users\Administrator\Desktop\USART_1\USER\Debug\Obj\system_stm32f4xx.o
#        C:\Users\Administrator\Desktop\USART_1\USER\Debug\Obj\usart.o
#        --no_out_extension -o
#        C:\Users\Administrator\Desktop\USART_1\USER\Debug\Exe\template_project.out
#        --map
#        C:\Users\Administrator\Desktop\USART_1\USER\Debug\List\template_project.map
#        --config E:\IAR\IAR_ARM\arm\config\linker\ST\stm32f407xG.icf
#        --semihosting --entry __iar_program_start --vfe --text_out locale)
#
###############################################################################

*******************************************************************************
*** RUNTIME MODEL ATTRIBUTES
***

CppFlavor       = *
__SystemLibrary = DLib
__dlib_version  = 6


*******************************************************************************
*** HEAP SELECTION
***

The basic heap was selected because no calls to memory allocation
functions were found in the application outside of system library
functions, and there are calls to deallocation functions in the
application.


*******************************************************************************
*** PLACEMENT SUMMARY
***

"A0":  place at 0x800'0000 { ro section .intvec };
"P1":  place in [from 0x800'0000 to 0x80f'ffff] { ro };
define block CSTACK with size = 8K, alignment = 8 { };
define block HEAP with size = 8K, alignment = 8 { };
"P4":  place in [from 0x2000'0000 to 0x2001'bfff] |
                [from 0x2001'c000 to 0x2001'ffff] {
          rw, block CSTACK, block HEAP };
initialize by copy { rw };

No sections matched the following patterns:

  ro section application_specific_ro  in "P2"
  section .backup_sram                in "P5"
  section .ccram                      in "P3"


  Section            Kind         Address    Size  Object
  -------            ----         -------    ----  ------
"A0":                                       0x188
  .intvec            ro code   0x800'0000   0x188  startup_stm32f40_41xxx.o [1]
                             - 0x800'0188   0x188

"P1":                                       0xbd0
  .text              ro code   0x800'0188   0x2a4  usart.o [1]
  .text              ro code   0x800'042c   0x110  stm32f4xx_rcc.o [1]
  .text              ro code   0x800'053c   0x100  stm32f4xx_gpio.o [1]
  .text              ro code   0x800'063c   0x1f4  stm32f4xx_usart.o [1]
  .text              ro code   0x800'0830    0xa0  misc.o [1]
  .text              ro code   0x800'08d0   0x114  system_stm32f4xx.o [1]
  .text              ro code   0x800'09e4    0x80  main.o [1]
  .text              ro code   0x800'0a64    0x30  delay.o [1]
  .text              ro code   0x800'0a94    0x44  led.o [1]
  .text              ro code   0x800'0ad8    0x3a  zero_init3.o [3]
  .text              ro code   0x800'0b12    0x2c  copy_init3.o [3]
  .text              ro code   0x800'0b3e    0x12  stm32f4xx_it.o [1]
  .text              ro code   0x800'0b50    0x28  data_init.o [3]
  .iar.init_table    const     0x800'0b78    0x24  - Linker created -
  .text              ro code   0x800'0b9c    0x1e  cmain.o [3]
  .text              ro code   0x800'0bba     0x4  low_level_init.o [2]
  .text              ro code   0x800'0bbe     0x4  exit.o [2]
  .text              ro code   0x800'0bc4     0xa  cexit.o [3]
  .text              ro code   0x800'0bd0    0x14  exit.o [4]
  .text              ro code   0x800'0be4    0x10  startup_stm32f40_41xxx.o [1]
  .text              ro code   0x800'0bf4     0xc  cstartup_M.o [3]
  .text              ro code   0x800'0c00     0x4  startup_stm32f40_41xxx.o [1]
  .text              ro code   0x800'0c04     0x4  startup_stm32f40_41xxx.o [1]
  .text              ro code   0x800'0c08     0x4  startup_stm32f40_41xxx.o [1]
  .text              ro code   0x800'0c0c     0x4  startup_stm32f40_41xxx.o [1]
  .text              ro code   0x800'0c10     0x4  startup_stm32f40_41xxx.o [1]
  .text              ro code   0x800'0c14     0x4  startup_stm32f40_41xxx.o [1]
  .text              ro code   0x800'0c18     0x4  startup_stm32f40_41xxx.o [1]
  .text              ro code   0x800'0c1c     0x4  startup_stm32f40_41xxx.o [1]
  .text              ro code   0x800'0c20     0x4  startup_stm32f40_41xxx.o [1]
  .text              ro code   0x800'0c24     0x4  startup_stm32f40_41xxx.o [1]
  .text              ro code   0x800'0c28     0x4  startup_stm32f40_41xxx.o [1]
  .text              ro code   0x800'0c2c     0x4  startup_stm32f40_41xxx.o [1]
  .text              ro code   0x800'0c30     0x4  startup_stm32f40_41xxx.o [1]
  .text              ro code   0x800'0c34     0x4  startup_stm32f40_41xxx.o [1]
  .text              ro code   0x800'0c38     0x4  startup_stm32f40_41xxx.o [1]
  .text              ro code   0x800'0c3c     0x4  startup_stm32f40_41xxx.o [1]
  .text              ro code   0x800'0c40     0x4  startup_stm32f40_41xxx.o [1]
  .text              ro code   0x800'0c44     0x4  startup_stm32f40_41xxx.o [1]
  .text              ro code   0x800'0c48     0x4  startup_stm32f40_41xxx.o [1]
  .text              ro code   0x800'0c4c     0x4  startup_stm32f40_41xxx.o [1]
  .text              ro code   0x800'0c50     0x4  startup_stm32f40_41xxx.o [1]
  .text              ro code   0x800'0c54     0x4  startup_stm32f40_41xxx.o [1]
  .text              ro code   0x800'0c58     0x4  startup_stm32f40_41xxx.o [1]
  .text              ro code   0x800'0c5c     0x4  startup_stm32f40_41xxx.o [1]
  .text              ro code   0x800'0c60     0x4  startup_stm32f40_41xxx.o [1]
  .text              ro code   0x800'0c64     0x4  startup_stm32f40_41xxx.o [1]
  .text              ro code   0x800'0c68     0x4  startup_stm32f40_41xxx.o [1]
  .text              ro code   0x800'0c6c     0x4  startup_stm32f40_41xxx.o [1]
  .text              ro code   0x800'0c70     0x4  startup_stm32f40_41xxx.o [1]
  .text              ro code   0x800'0c74     0x4  startup_stm32f40_41xxx.o [1]
  .text              ro code   0x800'0c78     0x4  startup_stm32f40_41xxx.o [1]
  .text              ro code   0x800'0c7c     0x4  startup_stm32f40_41xxx.o [1]
  .text              ro code   0x800'0c80     0x4  startup_stm32f40_41xxx.o [1]
  .text              ro code   0x800'0c84     0x4  startup_stm32f40_41xxx.o [1]
  .text              ro code   0x800'0c88     0x4  startup_stm32f40_41xxx.o [1]
  .text              ro code   0x800'0c8c     0x4  startup_stm32f40_41xxx.o [1]
  .text              ro code   0x800'0c90     0x4  startup_stm32f40_41xxx.o [1]
  .text              ro code   0x800'0c94     0x4  startup_stm32f40_41xxx.o [1]
  .text              ro code   0x800'0c98     0x4  startup_stm32f40_41xxx.o [1]
  .text              ro code   0x800'0c9c     0x4  startup_stm32f40_41xxx.o [1]
  .text              ro code   0x800'0ca0     0x4  startup_stm32f40_41xxx.o [1]
  .text              ro code   0x800'0ca4     0x4  startup_stm32f40_41xxx.o [1]
  .text              ro code   0x800'0ca8     0x4  startup_stm32f40_41xxx.o [1]
  .text              ro code   0x800'0cac     0x4  startup_stm32f40_41xxx.o [1]
  .text              ro code   0x800'0cb0     0x4  startup_stm32f40_41xxx.o [1]
  .text              ro code   0x800'0cb4     0x4  startup_stm32f40_41xxx.o [1]
  .text              ro code   0x800'0cb8     0x4  startup_stm32f40_41xxx.o [1]
  .text              ro code   0x800'0cbc     0x4  startup_stm32f40_41xxx.o [1]
  .text              ro code   0x800'0cc0     0x4  startup_stm32f40_41xxx.o [1]
  .text              ro code   0x800'0cc4     0x4  startup_stm32f40_41xxx.o [1]
  .text              ro code   0x800'0cc8     0x4  startup_stm32f40_41xxx.o [1]
  .text              ro code   0x800'0ccc     0x4  startup_stm32f40_41xxx.o [1]
  .text              ro code   0x800'0cd0     0x4  startup_stm32f40_41xxx.o [1]
  .text              ro code   0x800'0cd4     0x4  startup_stm32f40_41xxx.o [1]
  .text              ro code   0x800'0cd8     0x4  startup_stm32f40_41xxx.o [1]
  .text              ro code   0x800'0cdc     0x4  startup_stm32f40_41xxx.o [1]
  .text              ro code   0x800'0ce0     0x4  startup_stm32f40_41xxx.o [1]
  .text              ro code   0x800'0ce4     0x4  startup_stm32f40_41xxx.o [1]
  .text              ro code   0x800'0ce8     0x4  startup_stm32f40_41xxx.o [1]
  .text              ro code   0x800'0cec     0x4  startup_stm32f40_41xxx.o [1]
  .text              ro code   0x800'0cf0     0x4  startup_stm32f40_41xxx.o [1]
  .text              ro code   0x800'0cf4     0x4  startup_stm32f40_41xxx.o [1]
  .text              ro code   0x800'0cf8     0x4  startup_stm32f40_41xxx.o [1]
  .text              ro code   0x800'0cfc     0x4  startup_stm32f40_41xxx.o [1]
  .text              ro code   0x800'0d00     0x4  startup_stm32f40_41xxx.o [1]
  .text              ro code   0x800'0d04     0x4  startup_stm32f40_41xxx.o [1]
  .text              ro code   0x800'0d08     0x4  startup_stm32f40_41xxx.o [1]
  .text              ro code   0x800'0d0c     0x4  startup_stm32f40_41xxx.o [1]
  .text              ro code   0x800'0d10     0x4  startup_stm32f40_41xxx.o [1]
  .text              ro code   0x800'0d14     0x4  startup_stm32f40_41xxx.o [1]
  .text              ro code   0x800'0d18     0x4  startup_stm32f40_41xxx.o [1]
  .text              ro code   0x800'0d1c     0x4  startup_stm32f40_41xxx.o [1]
  .text              ro code   0x800'0d20     0x4  startup_stm32f40_41xxx.o [1]
  .text              ro code   0x800'0d24     0x4  startup_stm32f40_41xxx.o [1]
  .text              ro code   0x800'0d28     0x4  startup_stm32f40_41xxx.o [1]
  .text              ro code   0x800'0d2c     0x4  startup_stm32f40_41xxx.o [1]
  .text              ro code   0x800'0d30     0x4  startup_stm32f40_41xxx.o [1]
  .text              ro code   0x800'0d34     0x4  startup_stm32f40_41xxx.o [1]
  .text              ro code   0x800'0d38     0x4  startup_stm32f40_41xxx.o [1]
  .text              ro code   0x800'0d3c     0x4  startup_stm32f40_41xxx.o [1]
  .text              ro code   0x800'0d40     0x4  startup_stm32f40_41xxx.o [1]
  .rodata            const     0x800'0d44     0x0  zero_init3.o [3]
  .rodata            const     0x800'0d44     0x0  copy_init3.o [3]
  Initializer bytes  const     0x800'0d44    0x14  <for P4 s0>
                             - 0x800'0d58   0xbd0

"P4", part 1 of 3:                           0x14
  P4 s0                       0x2000'0000    0x14  <Init block>
    .data            inited   0x2000'0000    0x10  stm32f4xx_rcc.o [1]
    .data            inited   0x2000'0010     0x1  usart.o [1]
                            - 0x2000'0014    0x14

"P4", part 2 of 3:                          0x274
  .bss               zero     0x2000'0014   0x258  usart.o [1]
  .bss               zero     0x2000'026c     0x4  main.o [1]
  .bss               zero     0x2000'0270     0x4  usart.o [1]
  .bss               zero     0x2000'0274     0x4  usart.o [1]
  .bss               zero     0x2000'0278     0x4  usart.o [1]
  .bss               zero     0x2000'027c     0x4  usart.o [1]
  .bss               zero     0x2000'0280     0x2  delay.o [1]
  .bss               zero     0x2000'0282     0x1  delay.o [1]
  .bss               zero     0x2000'0283     0x1  usart.o [1]
  .bss               zero     0x2000'0284     0x1  usart.o [1]
                            - 0x2000'0285   0x271

"P4", part 3 of 3:                         0x2000
  CSTACK                      0x2000'0288  0x2000  <Block>
    CSTACK           uninit   0x2000'0288  0x2000  <Block tail>
                            - 0x2000'2288  0x2000

Unused ranges:

         From           To      Size
         ----           --      ----
   0x800'0d58   0x80f'ffff  0xf'f2a8
  0x2000'2288  0x2001'bfff  0x1'9d78
  0x2001'c000  0x2001'ffff    0x4000


*******************************************************************************
*** INIT TABLE
***

          Address      Size
          -------      ----
Zero (__iar_zero_init3)
    1 destination range, total size 0x271:
          0x2000'0014  0x271

Copy (__iar_copy_init3)
    1 source range, total size 0x14 (117% of destination):
           0x800'0d44   0x14
    1 destination range, total size 0x11:
          0x2000'0000   0x11



*******************************************************************************
*** MODULE SUMMARY
***

    Module                    ro code  ro data  rw data
    ------                    -------  -------  -------
command line/config:
    ---------------------------------------------------
    Total:

C:\Users\Administrator\Desktop\USART_1\USER\Debug\Obj: [1]
    delay.o                        48                 3
    led.o                          68
    main.o                        128                 4
    misc.o                        160
    startup_stm32f40_41xxx.o      732
    stm32f4xx_gpio.o              256
    stm32f4xx_it.o                 18
    stm32f4xx_rcc.o               272       16       16
    stm32f4xx_usart.o             500
    system_stm32f4xx.o            276
    usart.o                       676        1      619
    ---------------------------------------------------
    Total:                      3 134       17      642

dl7M_tlf.a: [2]
    exit.o                          4
    low_level_init.o                4
    ---------------------------------------------------
    Total:                          8

rt7M_tl.a: [3]
    cexit.o                        10
    cmain.o                        30
    copy_init3.o                   44
    cstartup_M.o                   12
    data_init.o                    40
    zero_init3.o                   58
    ---------------------------------------------------
    Total:                        194

shb_l.a: [4]
    exit.o                         20
    ---------------------------------------------------
    Total:                         20

    Gaps                            4
    Linker created                          39    8 192
-------------------------------------------------------
    Grand Total:                3 360       56    8 834


*******************************************************************************
*** ENTRY LIST
***

Entry                       Address   Size  Type      Object
-----                       -------   ----  ----      ------
.iar.init_table$$Base    0x800'0b78          --   Gb  - Linker created -
.iar.init_table$$Limit   0x800'0b9c          --   Gb  - Linker created -
?main                    0x800'0b9d         Code  Gb  cmain.o [3]
APBAHBPrescTable        0x2000'0000   0x10  Data  Lc  stm32f4xx_rcc.o [1]
BusFault_Handler         0x800'0b45    0x2  Code  Gb  stm32f4xx_it.o [1]
CSTACK$$Base            0x2000'0288          --   Gb  - Linker created -
CSTACK$$Limit           0x2000'2288          --   Gb  - Linker created -
DebugMon_Handler         0x800'0b4b    0x2  Code  Gb  stm32f4xx_it.o [1]
GPIO_Init                0x800'053d   0xa8  Code  Gb  stm32f4xx_gpio.o [1]
GPIO_PinAFConfig         0x800'05e9   0x54  Code  Gb  stm32f4xx_gpio.o [1]
GPIO_SetBits             0x800'05e5    0x4  Code  Gb  stm32f4xx_gpio.o [1]
HardFault_Handler        0x800'0b41    0x2  Code  Gb  stm32f4xx_it.o [1]
Init_BUF                 0x800'03c3   0x2c  Code  Gb  usart.o [1]
Init_USART_RX_BUF        0x800'03ef   0x14  Code  Gb  usart.o [1]
LED_Init                 0x800'0a95   0x44  Code  Gb  led.o [1]
MemManage_Handler        0x800'0b43    0x2  Code  Gb  stm32f4xx_it.o [1]
N                       0x2000'0283    0x1  Data  Gb  usart.o [1]
NMI_Handler              0x800'0b3f    0x2  Code  Gb  stm32f4xx_it.o [1]
NVIC_Init                0x800'083b   0x62  Code  Gb  misc.o [1]
NVIC_PriorityGroupConfig
                         0x800'0831    0xa  Code  Gb  misc.o [1]
P2A_Flag                0x2000'0284    0x1  Data  Gb  usart.o [1]
PendSV_Handler           0x800'0b4d    0x2  Code  Gb  stm32f4xx_it.o [1]
RCC_AHB1PeriphClockCmd   0x800'04e9   0x1c  Code  Gb  stm32f4xx_rcc.o [1]
RCC_APB2PeriphClockCmd   0x800'0505   0x1c  Code  Gb  stm32f4xx_rcc.o [1]
RCC_GetClocksFreq        0x800'042d   0xbc  Code  Gb  stm32f4xx_rcc.o [1]
Region$$Table$$Base      0x800'0b78          --   Gb  - Linker created -
Region$$Table$$Limit     0x800'0b9c          --   Gb  - Linker created -
SVC_Handler              0x800'0b49    0x2  Code  Gb  stm32f4xx_it.o [1]
SetSysClock              0x800'090d   0xaa  Code  Lc  system_stm32f4xx.o [1]
SysTick_CLKSourceConfig
                         0x800'089d   0x1c  Code  Gb  misc.o [1]
SysTick_Handler          0x800'0b4f    0x2  Code  Gb  stm32f4xx_it.o [1]
SystemInit               0x800'08d1   0x3c  Code  Gb  system_stm32f4xx.o [1]
USART1_IRQHandler        0x800'0243  0x180  Code  Gb  usart.o [1]
USART_ClearFlag          0x800'079f    0xe  Code  Gb  stm32f4xx_usart.o [1]
USART_ClearITPendingBit
                         0x800'0811   0x20  Code  Gb  stm32f4xx_usart.o [1]
USART_Cmd                0x800'0705   0x1c  Code  Gb  stm32f4xx_usart.o [1]
USART_GetFlagStatus      0x800'0785   0x1a  Code  Gb  stm32f4xx_usart.o [1]
USART_GetITStatus        0x800'07ad   0x64  Code  Gb  stm32f4xx_usart.o [1]
USART_ITConfig           0x800'0731   0x54  Code  Gb  stm32f4xx_usart.o [1]
USART_Init               0x800'063d   0xb8  Code  Gb  stm32f4xx_usart.o [1]
USART_RX_BUF            0x2000'0014  0x258  Data  Gb  usart.o [1]
USART_ReceiveData        0x800'0729    0x8  Code  Gb  stm32f4xx_usart.o [1]
USART_SendData           0x800'0721    0x8  Code  Gb  stm32f4xx_usart.o [1]
UsageFault_Handler       0x800'0b47    0x2  Code  Gb  stm32f4xx_it.o [1]
__cmain                  0x800'0b9d         Code  Gb  cmain.o [3]
__exit                   0x800'0bd1   0x14  Code  Gb  exit.o [4]
__iar_copy_init3         0x800'0b13   0x2c  Code  Gb  copy_init3.o [3]
__iar_data_init3         0x800'0b51   0x28  Code  Gb  data_init.o [3]
__iar_program_start      0x800'0bf5         Code  Gb  cstartup_M.o [3]
__iar_zero_init3         0x800'0ad9   0x3a  Code  Gb  zero_init3.o [3]
__low_level_init         0x800'0bbb    0x4  Code  Gb  low_level_init.o [2]
__vector_table           0x800'0000         Data  Gb  startup_stm32f40_41xxx.o [1]
_call_main               0x800'0ba9         Code  Gb  cmain.o [3]
_exit                    0x800'0bc5         Code  Gb  cexit.o [3]
_main                    0x800'0bb7         Code  Gb  cmain.o [3]
command                 0x2000'0270    0x4  Data  Gb  usart.o [1]
commu_err               0x2000'0010    0x1  Data  Gb  usart.o [1]
delay_init               0x800'0a65   0x28  Code  Gb  delay.o [1]
exit                     0x800'0bbf    0x4  Code  Gb  exit.o [2]
fac_ms                  0x2000'0280    0x2  Data  Lc  delay.o [1]
fac_us                  0x2000'0282    0x1  Data  Lc  delay.o [1]
j                       0x2000'026c    0x4  Data  Gb  main.o [1]
main                     0x800'09e5   0x80  Code  Gb  main.o [1]
my_chk                  0x2000'0274    0x4  Data  Gb  usart.o [1]
rec_chk                 0x2000'0278    0x4  Data  Gb  usart.o [1]
rec_length              0x2000'027c    0x4  Data  Gb  usart.o [1]
uart_init                0x800'0189   0xba  Code  Gb  usart.o [1]


[1] = C:\Users\Administrator\Desktop\USART_1\USER\Debug\Obj
[2] = dl7M_tlf.a
[3] = rt7M_tl.a
[4] = shb_l.a

  3 360 bytes of readonly  code memory
     56 bytes of readonly  data memory
  8 834 bytes of readwrite data memory

Errors: none
Warnings: none
